F:\Proyectos\proyectohugi\prestamo-inso-backend-new\src\main\java\com\vocacional\prestamoinso\Component\TrabajadorInitializer.java
F:\Proyectos\proyectohugi\prestamo-inso-backend-new\src\main\java\com\vocacional\prestamoinso\Config\ModelMapperConfig.java
F:\Proyectos\proyectohugi\prestamo-inso-backend-new\src\main\java\com\vocacional\prestamoinso\Config\SecurityConfig.java
F:\Proyectos\proyectohugi\prestamo-inso-backend-new\src\main\java\com\vocacional\prestamoinso\Controller\ClienteController.java
F:\Proyectos\proyectohugi\prestamo-inso-backend-new\src\main\java\com\vocacional\prestamoinso\Controller\PrestamoController.java
F:\Proyectos\proyectohugi\prestamo-inso-backend-new\src\main\java\com\vocacional\prestamoinso\Controller\TrabajadorController.java
F:\Proyectos\proyectohugi\prestamo-inso-backend-new\src\main\java\com\vocacional\prestamoinso\DTO\ClienteDTO.java
F:\Proyectos\proyectohugi\prestamo-inso-backend-new\src\main\java\com\vocacional\prestamoinso\DTO\CronogramaPagosDTO.java
F:\Proyectos\proyectohugi\prestamo-inso-backend-new\src\main\java\com\vocacional\prestamoinso\DTO\PrestamoDTO.java
F:\Proyectos\proyectohugi\prestamo-inso-backend-new\src\main\java\com\vocacional\prestamoinso\DTO\ReniecResponseDTO.java
F:\Proyectos\proyectohugi\prestamo-inso-backend-new\src\main\java\com\vocacional\prestamoinso\DTO\SunatResponseDTO.java
F:\Proyectos\proyectohugi\prestamo-inso-backend-new\src\main\java\com\vocacional\prestamoinso\DTO\TrabajadorDTO.java
F:\Proyectos\proyectohugi\prestamo-inso-backend-new\src\main\java\com\vocacional\prestamoinso\DTO\UserDTO.java
F:\Proyectos\proyectohugi\prestamo-inso-backend-new\src\main\java\com\vocacional\prestamoinso\Entity\Cliente.java
F:\Proyectos\proyectohugi\prestamo-inso-backend-new\src\main\java\com\vocacional\prestamoinso\Entity\CronogramaPagos.java
F:\Proyectos\proyectohugi\prestamo-inso-backend-new\src\main\java\com\vocacional\prestamoinso\Entity\enums\ERole.java
F:\Proyectos\proyectohugi\prestamo-inso-backend-new\src\main\java\com\vocacional\prestamoinso\Entity\Prestamo.java
F:\Proyectos\proyectohugi\prestamo-inso-backend-new\src\main\java\com\vocacional\prestamoinso\Entity\Trabajador.java
F:\Proyectos\proyectohugi\prestamo-inso-backend-new\src\main\java\com\vocacional\prestamoinso\Entity\User.java
F:\Proyectos\proyectohugi\prestamo-inso-backend-new\src\main\java\com\vocacional\prestamoinso\Exception\ConflictException.java
F:\Proyectos\proyectohugi\prestamo-inso-backend-new\src\main\java\com\vocacional\prestamoinso\Filter\JwtRequestFilter.java
F:\Proyectos\proyectohugi\prestamo-inso-backend-new\src\main\java\com\vocacional\prestamoinso\Mapper\ClienteMapper.java
F:\Proyectos\proyectohugi\prestamo-inso-backend-new\src\main\java\com\vocacional\prestamoinso\Mapper\PrestamoMapper.java
F:\Proyectos\proyectohugi\prestamo-inso-backend-new\src\main\java\com\vocacional\prestamoinso\Mapper\TrabajadorMappper.java
F:\Proyectos\proyectohugi\prestamo-inso-backend-new\src\main\java\com\vocacional\prestamoinso\PrestamoInsoApplication.java
F:\Proyectos\proyectohugi\prestamo-inso-backend-new\src\main\java\com\vocacional\prestamoinso\Repository\ClienteRepository.java
F:\Proyectos\proyectohugi\prestamo-inso-backend-new\src\main\java\com\vocacional\prestamoinso\Repository\CronogramaPagosRepository.java
F:\Proyectos\proyectohugi\prestamo-inso-backend-new\src\main\java\com\vocacional\prestamoinso\Repository\PrestamoRepository.java
F:\Proyectos\proyectohugi\prestamo-inso-backend-new\src\main\java\com\vocacional\prestamoinso\Repository\TrabajadorRepository.java
F:\Proyectos\proyectohugi\prestamo-inso-backend-new\src\main\java\com\vocacional\prestamoinso\Repository\UserRepository.java
F:\Proyectos\proyectohugi\prestamo-inso-backend-new\src\main\java\com\vocacional\prestamoinso\Service\ClienteService.java
F:\Proyectos\proyectohugi\prestamo-inso-backend-new\src\main\java\com\vocacional\prestamoinso\Service\impl\UserDetailsServiceImpl.java
F:\Proyectos\proyectohugi\prestamo-inso-backend-new\src\main\java\com\vocacional\prestamoinso\Service\JwtUtilService.java
F:\Proyectos\proyectohugi\prestamo-inso-backend-new\src\main\java\com\vocacional\prestamoinso\Service\PrestamoService.java
F:\Proyectos\proyectohugi\prestamo-inso-backend-new\src\main\java\com\vocacional\prestamoinso\Service\TrabajadorService.java
F:\Proyectos\proyectohugi\prestamo-inso-backend-new\src\main\java\com\vocacional\prestamoinso\Service\UserService.java
F:\Proyectos\proyectohugi\prestamo-inso-backend-new\src\main\java\com\vocacional\prestamoinso\util\PasswordGenerator.java
